// Vitest Snapshot v1, https://vitest.dev/guide/snapshot.html

exports[`jsx-purify > should render JSX without errors 1`] = `
{
  "$$typeof": Symbol(react.transitional.element),
  "_owner": null,
  "_store": {},
  "key": null,
  "props": {
    "children": "test",
  },
  "type": "div",
}
`;
